.next/dev/types/validator.ts(134,39): error TS2306: File 'D:/Code/codebase/chaiDham/app/api/accept-orders/route.ts' is not a module.
.next/dev/types/validator.ts(180,31): error TS2344: Type 'typeof import("D:/Code/codebase/chaiDham/app/api/menu/[id]/route")' does not satisfy the constraint 'RouteHandlerConfig<"/api/menu/[id]">'.
  Types of property 'PATCH' are incompatible.
    Type '(req: NextRequest, { params }: { params: { id: string; }; }) => Promise<NextResponse<{ success: boolean; message: string; }> | NextResponse<{ success: boolean; data: Document<unknown, {}, IMenuItem, {}, DefaultSchemaOptions> & IMenuItem & Required<...> & { ...; } & { ...; }; }>>' is not assignable to type '(request: NextRequest, context: { params: Promise<{ id: string; }>; }) => void | Response | Promise<void | Response>'.
      Types of parameters '__1' and 'context' are incompatible.
        Type '{ params: Promise<{ id: string; }>; }' is not assignable to type '{ params: { id: string; }; }'.
          Types of property 'params' are incompatible.
            Property 'id' is missing in type 'Promise<{ id: string; }>' but required in type '{ id: string; }'.
.next/dev/types/validator.ts(198,31): error TS2344: Type 'typeof import("D:/Code/codebase/chaiDham/app/api/orders/[orderId]/route")' does not satisfy the constraint 'RouteHandlerConfig<"/api/orders/[orderId]">'.
  Types of property 'GET' are incompatible.
    Type '(req: Request, { params }: { params: { id: string; }; }) => Promise<NextResponse<{ error: string; }> | NextResponse<{ success: boolean; order: any; }>>' is not assignable to type '(request: NextRequest, context: { params: Promise<{ orderId: string; }>; }) => void | Response | Promise<void | Response>'.
      Types of parameters '__1' and 'context' are incompatible.
        Type '{ params: Promise<{ orderId: string; }>; }' is not assignable to type '{ params: { id: string; }; }'.
          Types of property 'params' are incompatible.
            Property 'id' is missing in type 'Promise<{ orderId: string; }>' but required in type '{ id: string; }'.
.next/dev/types/validator.ts(233,39): error TS2306: File 'D:/Code/codebase/chaiDham/app/api/sign-in/route.ts' is not a module.
app/(auth)/profile/page.tsx(211,57): error TS2345: Argument of type 'string' is not assignable to parameter of type 'SetStateAction<TabType>'.
app/api/cafe/status/route.ts(7,26): error TS2307: Cannot find module '@/model/CafeSettings' or its corresponding type declarations.
types/ApiResponse.ts(1,10): error TS2724: '"@/model/order"' has no exported member named 'Order'. Did you mean 'IOrder'?
